Windows PowerShell
Copyright (C) Microsoft Corporation. All rights reserved.

Install the latest PowerShell for new features and improvements! https://aka.ms/PSWindows

PS C:\Users\rupal\OneDrive\Desktop\DevOps> git add exp6.txt
PS C:\Users\rupal\OneDrive\Desktop\DevOps> git commit -m "hiiiii"
[b2 29fcf25] hiiiii
 1 file changed, 0 insertions(+), 0 deletions(-)
 create mode 100644 exp6.txt
PS C:\Users\rupal\OneDrive\Desktop\DevOps> git add remote origin https://github.com/rupaligajare/AtmInterface.git
fatal: pathspec 'remote' did not match any files
PS C:\Users\rupal\OneDrive\Desktop\DevOps> git status
On branch b2
Untracked files:
  (use "git add <file>..." to include in what will be committed)
        NumberGuess/

nothing added to commit but untracked files present (use "git add" to track)
PS C:\Users\rupal\OneDrive\Desktop\DevOps> git clone https://github.com/rupaligajare/AtmInterface.git
Cloning into 'AtmInterface'...
remote: Enumerating objects: 12, done.
remote: Counting objects: 100% (12/12), done.
remote: Compressing objects: 100% (9/9), done.
remote: Total 12 (delta 2), reused 3 (delta 1), pack-reused 0
Receiving objects: 100% (12/12), done.
Resolving deltas: 100% (2/2), done.
PS C:\Users\rupal\OneDrive\Desktop\DevOps> git add remote origin https://github.com/rupaligajare/AtmInterface.git
fatal: pathspec 'remote' did not match any files
PS C:\Users\rupal\OneDrive\Desktop\DevOps> git remote add origin https://github.com/rupaligajare/AtmInterface.git
error: remote origin already exists.
PS C:\Users\rupal\OneDrive\Desktop\DevOps> git add origin https://github.com/rupaligajare/AtmInterface.git
fatal: pathspec 'origin' did not match any files
PS C:\Users\rupal\OneDrive\Desktop\DevOps> git remote
fs
origin
s
PS C:\Users\rupal\OneDrive\Desktop\DevOps> git remote add s https://github.com/rupaligajare/AtmInterface.git
error: remote s already exists.
PS C:\Users\rupal\OneDrive\Desktop\DevOps> git remote add new https://github.com/rupaligajare/AtmInterface.git
PS C:\Users\rupal\OneDrive\Desktop\DevOps> git push new b2
Enumerating objects: 16, done.
Counting objects: 100% (16/16), done.
Delta compression using up to 8 threads
Compressing objects: 100% (12/12), done.
Writing objects: 100% (16/16), 1.29 KiB | 662.00 KiB/s, done.
Total 16 (delta 5), reused 0 (delta 0), pack-reused 0
remote: Resolving deltas: 100% (5/5), done.
remote:
remote: Create a pull request for 'b2' on GitHub by visiting:
remote:      https://github.com/rupaligajare/AtmInterface/pull/new/b2
remote:
To https://github.com/rupaligajare/AtmInterface.git
 * [new branch]      b2 -> b2
PS C:\Users\rupal\OneDrive\Desktop\DevOps> git checkout main
error: pathspec 'main' did not match any file(s) known to git
PS C:\Users\rupal\OneDrive\Desktop\DevOps> git branch
  b1
* b2
  master
PS C:\Users\rupal\OneDrive\Desktop\DevOps> git checkout b1
Switched to branch 'b1'
PS C:\Users\rupal\OneDrive\Desktop\DevOps> git pull origin b1
From https://github.com/rupaligajare/experiment3
 * branch            b1         -> FETCH_HEAD
Already up to date.
PS C:\Users\rupal\OneDrive\Desktop\DevOps> git pull origin b1
From https://github.com/rupaligajare/experiment3
 * branch            b1         -> FETCH_HEAD
Already up to date.
PS C:\Users\rupal\OneDrive\Desktop\DevOps>
